python : Traceback (most recent call last):
At line:1 char:1
+ python test_cli_rag.py > test_output.txt 2>&1
+ ~~~~~~~~~~~~~~~~~~~~~~~~~~~~~~~~~~~~~~~~~~~~~
    + CategoryInfo          : NotSpecified: (Traceback (most recent call last)::String) [], Remo 
   teException
    + FullyQualifiedErrorId : NativeCommandError
 
  File "D:\github-repo-tkhongsap\llama-index-rag-pipeline\test_cli_rag.py", line 94, in <module>
    test_cli_rag_functionality() 
    ^^^^^^^^^^^^^^^^^^^^^^^^^^^^
  File "D:\github-repo-tkhongsap\llama-index-rag-pipeline\test_cli_rag.py", line 21, in 
test_cli_rag_functionality
    print("\U0001f9ea TESTING CLI RAG RESPONSE FUNCTIONALITY")
  File "C:\Program Files\WindowsApps\PythonSoftwareFoundation.Python.3.12_3.12.2800.0_x64__qbz5n2
kfra8p0\Lib\encodings\cp874.py", line 19, in encode
    return codecs.charmap_encode(input,self.errors,encoding_table)[0]
           ^^^^^^^^^^^^^^^^^^^^^^^^^^^^^^^^^^^^^^^^^^^^^^^^^^^^^^^
UnicodeEncodeError: 'charmap' codec can't encode character '\U0001f9ea' in position 0: character 
maps to <undefined>
